Done APPROV
2017-10-26 OK
Done STOCK
Done PRESCRIPTION
Done PRESCRIPTION
Done PRESCRIPTION
Done PRESCRIPTION
Done STOCK
2017-10-27 OK
Done APPROV
Done STOCK
